[Bootstrap]
SetupTitle=安裝
SetupText=正在複製檔案，請稍候。
CabFile=seafood.CAB
Spawn=Setup1.exe
Uninstal=st6unst.exe
TmpDir=msftqws.pdw
Cabs=1

[Bootstrap Files]
File1=@VB6STKIT.DLL,$(WinSysPathSysFile),,,3/26/99 12:00:00 AM,101888,6.0.84.50
File2=@COMCAT.DLL,$(WinSysPathSysFile),$(DLLSelfRegister),,5/31/98 12:00:00 AM,22288,4.71.1460.1
File3=@ASYCFILT.DLL,$(WinSysPathSysFile),,,3/8/99 12:02:26 PM,147728,2.40.4275.1
File4=@OLEPRO32.DLL,$(WinSysPathSysFile),$(DLLSelfRegister),,3/8/99 12:02:26 PM,164112,5.0.4275.1
File5=@OLEAUT32.DLL,$(WinSysPathSysFile),$(DLLSelfRegister),,3/8/99 12:02:26 PM,598288,2.40.4275.1
File6=@STDOLE2.TLB,$(WinSysPathSysFile),$(TLBRegister),,5/5/99 10:22:00 PM,17920,2.40.4275.1
File7=@MSVBVM60.DLL,$(WinSysPathSysFile),$(DLLSelfRegister),,5/10/99 12:00:00 AM,1384448,6.0.84.95
File8=@VB6CHT.DLL,$(WinSysPath),,$(Shared),7/6/98 12:00:00 AM,102160,5.0.81.69

[IconGroups]
Group0=點菜系統
PrivateGroup0=False
Parent0=$(Programs)

[點菜系統]
Icon1="seafood.exe"
Title1=點菜系統
StartIn1=$(AppPath)

[Setup]
Title=點菜系統
DefaultDir=$(ProgramFiles)\seafood
AppExe=seafood.exe
AppToUninstall=seafood.exe

[Setup1 Files]
File1=@MDAC_TYP.EXE,$(AppPath),,$(Shared),3/25/99 12:00:00 AM,6494528,21.1.3711.11
File2=@MSCOMCHT.DLL,$(WinSysPath),,$(Shared),7/6/98 12:00:00 AM,12800,6.0.81.63
File3=@MSCOMM32.OCX,$(WinSysPath),$(DLLSelfRegister),$(Shared),6/24/98 12:00:00 AM,103744,6.0.81.69
File4=@DATLSCHT.DLL,$(WinSysPath),,$(Shared),7/6/98 12:00:00 AM,26624,6.0.81.63
File5=@MSDATLST.OCX,$(WinSysPath),$(DLLSelfRegister),$(Shared),5/7/99 12:00:00 AM,232456,6.0.84.18
File6=@MSCC2CHT.DLL,$(WinSysPath),,$(Shared),7/6/98 12:00:00 AM,53248,6.0.81.63
File7=@MSCOMCT2.OCX,$(WinSysPath),$(DLLSelfRegister),$(Shared),5/7/99 12:00:00 AM,645616,6.0.84.18
File8=@MSCMCCHT.DLL,$(WinSysPath),,$(Shared),7/6/98 12:00:00 AM,124416,6.0.81.63
File9=@MSCOMCTL.OCX,$(WinSysPath),$(DLLSelfRegister),$(Shared),5/13/99 12:00:00 AM,1064456,6.0.84.98
File10=@CMCT3CHT.DLL,$(WinSysPath),$(DLLSelfRegister),$(Shared),7/6/98 12:00:00 AM,24576,6.0.0.8163
File11=@COMCT332.OCX,$(WinSysPath),$(DLLSelfRegister),$(Shared),5/7/99 12:00:00 AM,414944,6.0.0.8450
File12=@DATGDCHT.DLL,$(WinSysPath),,$(Shared),7/6/98 12:00:00 AM,25088,6.0.81.63
File13=@STDFTCHT.DLL,$(WinSysPath),,$(Shared),7/6/98 12:00:00 AM,6144,6.0.81.63
File14=@MSSTDFMT.DLL,$(WinSysPath),$(DLLSelfRegister),$(Shared),3/26/99 12:00:00 AM,118784,6.0.84.50
File15=@MSDATGRD.OCX,$(WinSysPath),$(DLLSelfRegister),$(Shared),5/7/99 12:00:00 AM,262152,6.0.84.18
File16=@TABCTCHT.DLL,$(WinSysPath),,$(Shared),7/6/98 12:00:00 AM,18944,6.0.81.63
File17=@TABCTL32.OCX,$(WinSysPath),$(DLLSelfRegister),$(Shared),5/7/99 12:00:00 AM,209408,6.0.84.18
File18=@FLXGDCHT.DLL,$(WinSysPath),,$(Shared),7/6/98 12:00:00 AM,35328,6.0.81.63
File19=@MSFLXGRD.OCX,$(WinSysPath),$(DLLSelfRegister),$(Shared),5/7/99 12:00:00 AM,244232,6.0.84.18
File20=@DBRPRCHT.DLL,$(WinSysPath),,$(Shared),7/6/98 12:00:00 AM,30208,6.0.81.63
File21=@MSDBRPTR.DLL,$(WinSysPath),$(DLLSelfRegister),$(Shared),6/18/98 12:00:00 AM,299008,6.0.81.69
File22=@MSBIND.DLL,$(WinSysPath),$(DLLSelfRegister),$(Shared),3/26/99 12:00:00 AM,77824,6.0.84.50
File23=@MSDERUN.DLL,$(CommonFiles)\designer,$(DLLSelfRegister),$(Shared),3/26/99 12:00:00 AM,136704,6.0.84.50
File24=@seafood.exe,$(AppPath),,,7/4/02 2:31:16 AM,241664,1.0.0.0

; 刪除以下項目，可獲得較大的空間，以便在完整的安裝磁片上自訂該檔案。
; 
; XXXXXXXXXXXXXXXXXXXXXXXXXXXXXXXXXXXXXXXXXXXXXXXXXXXXXXXXXXXX
; XXXXXXXXXXXXXXXXXXXXXXXXXXXXXXXXXXXXXXXXXXXXXXXXXXXXXXXXXXXX
; XXXXXXXXXXXXXXXXXXXXXXXXXXXXXXXXXXXXXXXXXXXXXXXXXXXXXXXXXXXX
; XXXXXXXXXXXXXXXXXXXXXXXXXXXXXXXXXXXXXXXXXXXXXXXXXXXXXXXXXXXX
; XXXXXXXXXXXXXXXXXXXXXXXXXXXXXXXXXXXXXXXXXXXXXXXXXXXXXXXXXXXX
; XXXXXXXXXXXXXXXXXXXXXXXXXXXXXXXXXXXXXXXXXXXXXXXXXXXXXXXXXXXX
; XXXXXXXXXXXXXXXXXXXXXXXXXXXXXXXXXXXXXXXXXXXXXXXXXXXXXXXXXXXX
; XXXXXXXXXXXXXXXXXXXXXXXXXXXXXXXXXXXXXXXXXXXXXXXXXXXXXXXXXXXX
; XXXXXXXXXXXXXXXXXXXXXXXXXXXXXXXXXXXXXXXXXXXXXXXXXXXXXXXXXXXX
; XXXXXXXXXXXXXXXXXXXXXXXXXXXXXXXXXXXXXXXXXXXXXXXXXXXXXXXXXXXX
; XXXXXXXXXXXXXXXXXXXXXXXXXXXXXXXXXXXXXXXXXXXXXXXXXXXXXXXXXXXX
; XXXXXXXXXXXXXXXXXXXXXXXXXXXXXXXXXXXXXXXXXXXXXXXXXXXXXXXXXXXX
; XXXXXXXXXXXXXXXXXXXXXXXXXXXXXXXXXXXXXXXXXXXXXXXXXXXXXXXXXXXX
; XXXXXXXXXXXXXXXXXXXXXXXXXXXXXXXXXXXXXXXXXXXXXXXXXXXXXXXXXXXX
; XXXXXXXXXXXXXXXXXXXXXXXXXXXXXXXXXXXXXXXXXXXXXXXXXXXXXXXXXXXX
; XXXXXXXXXXXXXXXXXXXXXXXXXXXXXXXXXXXXXXXXXXXXXXXXXXXXXXXXXXXX
; XXXXXXXXXXXXXXXXXXXXXXXXXXXXXXXXXXXXXXXXXXXXXXXXXXXXXXXXXXXX
; XXXXXXXXXXXXXXXXXXXXXXXXXXXXXXXXXXXXXXXXXXXXXXXXXXXXXXXXXXXX
; XXXXXXXXXXXXXXXXXXXXXXXXXXXXXXXXXXXXXXXXXXXXXXXXXXXXXXXXXXXX
; XXXXXXXXXXXXXXXXXXXXXXXXXXXXXXXXXXXXXXXXXXXXXXXXXXXXXXXXXXXX
; XXXXXXXXXXXXXXXXXXXXXXXXXXXXXXXXXXXXXXXXXXXXXXXXXXXXXXXXXXXX
; XXXXXXXXXXXXXXXXXXXXXXXXXXXXXXXXXXXXXXXXXXXXXXXXXXXXXXXXXXXX
; XXXXXXXXXXXXXXXXXXXXXXXXXXXXXXXXXXXXXXXXXXXXXXXXXXXXXXXXXXXX
; XXXXXXXXXXXXXXXXXXXXXXXXXXXXXXXXXXXXXXXXXXXXXXXXXXXXXXXXXXXX
; XXXXXXXXXXXXXXXXXXXXXXXXXXXXXXXXXXXXXXXXXXXXXXXXXXXXXXXXXXXX
; XXXXXXXXXXXXXXXXXXXXXXXXXXXXXXXXXXXXXXXXXXXXXXXXXXXXXXXXXXXX
; XXXXXXXXXXXXXXXXXXXXXXXXXXXXXXXXXXXXXXXXXXXXXXXXXXXXXXXXXXXX
; XXXXXXXXXXXXXXXXXXXXXXXXXXXXXXXXXXXXXXXXXXXXXXXXXXXXXXXXXXXX
; XXXXXXXXXXXXXXXXXXXXXXXXXXXXXXXXXXXXXXXXXXXXXXXXXXXXXXXXXXXX
; XXXXXXXXXXXXXXXXXXXXXXXXXXXXXXXXXXXXXXXXXXXXXXXXXXXXXXXXXXXX
; XXXXXXXXXXXXXXXXXXXXXXXXXXXXXXXXXXXXXXXXXXXXXXXXXXXXXXXXXXXX
; XXXXXXXXXXXXXXXXXXXXXXXXXXXXXXXXXXXXXXXXXXXXXXXXXXXXXXXXXXXX
; XXXXXXXXXXXXXXXXXXXXXXXXXXXXXXXXXXXXXXXXXXXXXXXXXXXXXXXXXXXX
; XXXXXXXXXXXXXXXXXXXXXXXXXXXXXXXXXXXXXXXXXXXXXXXXXXXXXXXXXXXX
; XXXXXXXXXXXXXXXXXXXXXXXXXXXXXXXXXXXXXXXXXXXXXXXXXXXXXXXXXXXX
